[21652:19564:0517/130131.367:WARNING:chrome_main_delegate.cc(745)] This is Chrome version 128.0.6613.138 (not a warning)
[21652:14648:0517/130131.555:ERROR:google_update_settings.cc(265)] Failed opening key Software\Chromium to set usagestats; result: 5
[21652:19564:0517/130131.639:WARNING:account_consistency_mode_manager.cc(77)] Desktop Identity Consistency cannot be enabled as no OAuth client ID and client secret have been configured.
[21652:19564:0517/130137.398:ERROR:device_event_log_impl.cc(196)] [13:01:37.075] USB: usb_service_win.cc:105 SetupDiGetDeviceProperty({{A45C254E-DF1C-4EFD-8020-67D146A850E0}, 6}) failed: 요소가 없습니다. (0x490)
[5196:20540:0517/130138.400:WARNING:frame_impl.cc(430)] virtual CefFrameImpl::SendProcessMessage sent to detached frame 5-9F59418D7E04CEA8087A573E15D7EF3C will be ignored
[21652:21356:0517/130140.066:WARNING:browser_info.cc(345)] Returning a speculative frame for [7,9]
[21652:19564:0517/130140.725:WARNING:browser_info.cc(345)] Returning a speculative frame for [9,9]
[21652:19564:0517/130140.725:WARNING:browser_info.cc(345)] Returning a speculative frame for [9,9]
[21652:19564:0517/130140.725:WARNING:browser_info.cc(345)] Returning a speculative frame for [9,9]
[21652:19564:0517/130140.725:WARNING:browser_info.cc(345)] Returning a speculative frame for [9,9]
[21652:21356:0517/130140.728:WARNING:browser_info.cc(345)] Returning a speculative frame for [9,9]
[11132:15008:0517/130146.398:WARNING:codec.cc(525)] Explicitly added H264 constrained baseline to list of supported formats.
[11132:15008:0517/130146.521:WARNING:codec.cc(525)] Explicitly added H264 constrained baseline to list of supported formats.
[11132:14772:0517/130146.532:WARNING:codec.cc(525)] Explicitly added H264 constrained baseline to list of supported formats.
[11132:14772:0517/130146.534:WARNING:codec.cc(525)] Explicitly added H264 constrained baseline to list of supported formats.
[11132:14772:0517/130146.534:WARNING:codec.cc(525)] Explicitly added H264 constrained baseline to list of supported formats.
[21328:20000:0517/130146.733:WARNING:host_resolver_dns_task.cc(863)] Address list empty after RFC3484 sort
[21328:20000:0517/130146.737:ERROR:socket_manager.cc(147)] Failed to resolve address for stun.cloudflare.com., errorcode: -105
[21328:20000:0517/130146.737:ERROR:socket_manager.cc(147)] Failed to resolve address for stun.cloudflare.com., errorcode: -105
[21328:20000:0517/130146.737:ERROR:socket_manager.cc(147)] Failed to resolve address for stun.cloudflare.com., errorcode: -105
[11132:14772:0517/130146.738:WARNING:stun_port.cc(442)] Port[4798000:0:1:0:host:Net[any:0:0:0:x:x:x:x:x/0:Wildcard:id=0]]: StunPort: stun host lookup received error -1
[11132:14772:0517/130146.738:WARNING:stun_port.cc(442)] Port[4798400:1:1:0:host:Net[any:0:0:0:x:x:x:x:x/0:Wildcard:id=0]]: StunPort: stun host lookup received error -1
[11132:14772:0517/130146.738:WARNING:stun_port.cc(442)] Port[4798c00:2:1:0:host:Net[any:0:0:0:x:x:x:x:x/0:Wildcard:id=0]]: StunPort: stun host lookup received error -1
[14460:8412:0517/130352.248:ERROR:shared_image_manager.cc(224)] SharedImageManager::ProduceSkia: Trying to Produce a Skia representation from a non-existent mailbox.
[14460:8412:0517/130352.248:ERROR:shared_image_manager.cc(224)] SharedImageManager::ProduceSkia: Trying to Produce a Skia representation from a non-existent mailbox.
[21652:19564:0517/135039.763:WARNING:pref_notifier_impl.cc(41)] Pref observer for media_router.cast_allow_all_ips found at shutdown.
